C51 COMPILER V9.02   RTCSERIEL                                                             01/03/2005 23:38:55 PAGE 1   


C51 COMPILER V9.02, COMPILATION OF MODULE RTCSERIEL
OBJECT MODULE PLACED IN rtcseriel.OBJ
COMPILER INVOKED BY: C:\Keil\C51\BIN\C51.EXE rtcseriel.c BROWSE DEBUG OBJECTEXTEND

line level    source

   1           #include<reg52.h>
   2            #include<absacc.h>
   3          #define uc unsigned char
   4          sbit rs=P1^0;
   5          sbit e1=P1^1;
   6          uc valH,valL,i; 
   7          void sendbyte(uc ch);
   8          void sendString(uc *str);
   9          //lcd................
  10          void display(uc *str);
  11          void lcd_data(uc);
  12          void delay(unsigned int y);
  13          void lcd_ini();
  14          void lcd_cmd(uc);
  15          //rtc...............
  16          void bcdconv(uc val);
  17          
  18          //void external0()interrupt 0
  19          //{ 
  20          //P1^2==1;
  21          //for(i=0;i<10;i++)
  22          //{
  23          //lcd_cmd(0x01);
  24          //delay(200);
  25          //lcd_cmd(0x85);
  26          //sendString("ALARM");
  27          //delay(200);
  28          //}
  29          //P1^2==0;
  30          //}
  31          //main..................
  32          void main()
  33          {
  34   1      unsigned char sec,min,hr,day,month,year;
  35   1      delay(200);
  36   1      //P2=0;
  37   1      //P1=0;
  38   1      lcd_ini();
  39   1      delay(20);
  40   1      TMOD=0X20;
  41   1      TH1=0XFD;
  42   1      SCON=0X50;
  43   1      TR1=1;
  44   1      //TCON=0x01;
  45   1      //IE=0x81;
  46   1      lcd_cmd(0x80);
  47   1      delay(10);
  48   1      display("DATE ");
  49   1      delay(10);      
  50   1      sendString("hello");    
  51   1      delay(10);   //ho0me forst line
  52   1      while(1)
  53   1      {
  54   2      //date display............
  55   2      //lcd_cmd(0x01);
C51 COMPILER V9.02   RTCSERIEL                                                             01/03/2005 23:38:55 PAGE 2   

  56   2      //lcd_cmd(0x80);
  57   2      //delay(20);
  58   2       //sendString("DATE ");
  59   2       //lcd_cmd(0x85);
  60   2       //delay(10);           
  61   2      //day=XBYTE[7];
  62   2      //bcdconv(day);
  63   2      // lcd_data(':');
  64   2      //month=XBYTE[8];
  65   2      //bcdconv(month);
  66   2      //lcd_data(':');
  67   2      //year=XBYTE[9];
  68   2      //bcdconv(year);
  69   2      //time displayj..................
  70   2      lcd_cmd(0x01);
  71   2      //sendString("TIME ");
  72   2      //lcd_cmd(0xC5);
  73   2      //delay(10);
  74   2      delay(20);
  75   2      hr=XBYTE[4];
  76   2      bcdconv(hr);
  77   2      sendbyte(':');
  78   2      min=XBYTE[2];
  79   2      bcdconv(min);
  80   2      sendbyte(':');
  81   2      sec=XBYTE[0];
  82   2      bcdconv(sec);
  83   2      //if(hr>80)
  84   2      //{
  85   2      //lcd_data(' ');
  86   2      //lcd_data('P');
  87   2      //}
  88   2      //else
  89   2      //{
  90   2      //lcd_data(' ');
  91   2      //lcd_data('A');
  92   2      //}
  93   2      //lcd_data('M');
  94   2      }
  95   1        }
*** WARNING C280 IN LINE 34 OF RTCSERIEL.C: 'day': unreferenced local variable
*** WARNING C280 IN LINE 34 OF RTCSERIEL.C: 'month': unreferenced local variable
*** WARNING C280 IN LINE 34 OF RTCSERIEL.C: 'year': unreferenced local variable
  96          
  97          void lcd_ini()
  98          {
  99   1      lcd_cmd(0x38);             //clear display and memory
 100   1      delay(10);
 101   1      lcd_cmd(0x0c);             //display curser off
 102   1      delay(10);
 103   1      lcd_cmd(0x01);           //5by 7 fjormat
 104   1      delay(10);
 105   1      lcd_cmd(0x02);            //
 106   1      delay(10);
 107   1      }
 108          
 109          void display(uc *str)
 110          {
 111   1      delay(100);
 112   1      while(*str)
 113   1      {
 114   2      lcd_data(*str);
C51 COMPILER V9.02   RTCSERIEL                                                             01/03/2005 23:38:55 PAGE 3   

 115   2      delay(20);
 116   2      str++;
 117   2      }
 118   1      }
 119          
 120          void lcd_cmd(uc commandword)
 121          {
 122   1      rs=0;
 123   1      P2=commandword;
 124   1      delay(20);
 125   1      e1=1;
 126   1      delay(20);
 127   1      e1=0;
 128   1      delay(20);
 129   1      e1=1;
 130   1      }
 131          void lcd_data(uc ch)
 132          {
 133   1      rs=1;
 134   1      P2=ch;
 135   1      delay(20);
 136   1      e1=1;
 137   1      delay(20);
 138   1      e1=0;
 139   1      delay(20);
 140   1      e1=1;
 141   1      }
 142          void delay(unsigned int y)
 143          {
 144   1      unsigned int i,k;
 145   1      for(i=0;i<y;i++)
 146   1      for(k=0;k<250;k++);
 147   1      
 148   1      }
 149          void bcdconv(uc val)
 150          {
 151   1      //if(val>0x80)
 152   1      //{
 153   1      //valH=val&0x10;
 154   1      //valH=valH>>4;
 155   1      //valH=valH|0x30;
 156   1      //lcd_data(valH);
 157   1      //
 158   1      //valL=val&0x0f;
 159   1      //valL=valL|0x30;
 160   1      //lcd_data(valL);
 161   1      //}
 162   1      //
 163   1      //else
 164   1      //{
 165   1      valH=val&0xf0;
 166   1      valH=valH>>4;
 167   1      valH=valH|0x30;
 168   1      sendbyte(valH);
 169   1      delay(10);
 170   1      valL=val&0x0f;
 171   1      valL=valL|0x30;
 172   1      sendbyte(valL);
 173   1      //}
 174   1      }
 175          
 176          void sendString(uc *str)
C51 COMPILER V9.02   RTCSERIEL                                                             01/03/2005 23:38:55 PAGE 4   

 177          {
 178   1      delay(100);
 179   1      while(*str)
 180   1      {
 181   2      sendbyte(*str);
 182   2      delay(20);
 183   2      str++;
 184   2      }
 185   1      }
 186          void sendbyte(uc ch)
 187          {
 188   1      SBUF=ch;
 189   1      while(!TI);
 190   1      TI=0;
 191   1      }


MODULE INFORMATION:   STATIC OVERLAYABLE
   CODE SIZE        =    380    ----
   CONSTANT SIZE    =     12    ----
   XDATA SIZE       =   ----    ----
   PDATA SIZE       =   ----    ----
   DATA SIZE        =      3      13
   IDATA SIZE       =   ----    ----
   BIT SIZE         =   ----    ----
END OF MODULE INFORMATION.


C51 COMPILATION COMPLETE.  3 WARNING(S),  0 ERROR(S)
