C51 COMPILER V9.02   LCDTEST                                                               01/01/2005 00:53:20 PAGE 1   


C51 COMPILER V9.02, COMPILATION OF MODULE LCDTEST
OBJECT MODULE PLACED IN .\lcdtest.obj
COMPILER INVOKED BY: C:\Keil\C51\BIN\C51.EXE ..\lcd new\lcdtest.c BROWSE DEBUG OBJECTEXTEND PRINT(.\lcdtest.lst) OBJECT(
                    -.\lcdtest.obj)

line level    source

   1                   #include<reg52.h>
   2          #define uc unsigned char
   3           
   4          
   5          sbit rs=P1^0;
   6          sbit en=P1^1;
   7          
   8          
   9          void display(uc *str);
  10          void lcd_data(uc);
  11          void lcd_ini();
  12          void lcd_cmd(uc);
  13          
  14          void delay(unsigned int y);
  15          
  16            void main()
  17          
  18           {
  19   1      
  20   1       P1=0;
  21   1       P2=0;                                                            
  22   1       lcd_ini();
  23   1       delay(5);
  24   1       lcd_cmd(0x80);
  25   1      display("hello dear");
  26   1       while(1);
  27   1      }
  28            
  29          
  30                     void lcd_ini()
  31          {
  32   1      lcd_cmd(0x01);
  33   1      delay(20);
  34   1      lcd_cmd(0x0c);
  35   1      delay(20);
  36   1      lcd_cmd(0x38);
  37   1      delay(20);
  38   1        lcd_cmd(0x02);   
  39   1        delay(20);
  40   1      }
  41          
  42          void lcd_cmd(uc cmdword)
  43          {         
  44   1      rs=0; 
  45   1      P2=cmdword;
  46   1      delay(5);
  47   1      en=1;
  48   1      delay(20);
  49   1      en=0;
  50   1      delay(10);
  51   1      en=1;
  52   1      delay(20);
  53   1      }
  54          
C51 COMPILER V9.02   LCDTEST                                                               01/01/2005 00:53:20 PAGE 2   

  55            void lcd_data(uc databyte)
  56          {
  57   1      rs=1;
  58   1      P2=databyte;
  59   1      en=1;
  60   1      delay(20);
  61   1      en=0;
  62   1      delay(10);                       l
  63   1      }
*** ERROR C202 IN LINE 63 OF ..\LCD NEW\LCDTEST.C: 'l': undefined identifier
*** ERROR C141 IN LINE 63 OF ..\LCD NEW\LCDTEST.C: syntax error near '}'
  64          
  65          void display(uc *str)
  66          {
  67   1      delay(10);
  68   1      while(*str)
  69   1      {
  70   2      lcd_data(*str);
  71   2      delay(10);
  72   2      str++;
  73   2      }
  74   1      }
  75          void delay(unsigned int k)
  76          {
  77   1      unsigned int i,j;
  78   1      for(i=0;i<k;i++)
  79   1      for(j=0;j<250;j++);
  80   1      }

C51 COMPILATION COMPLETE.  0 WARNING(S),  2 ERROR(S)
