C51 COMPILER V9.02   ADC                                                                   10/31/2012 00:31:14 PAGE 1   


C51 COMPILER V9.02, COMPILATION OF MODULE ADC
OBJECT MODULE PLACED IN .\adc.obj
COMPILER INVOKED BY: C:\Keil\C51\BIN\C51.EXE ..\adc.c BROWSE DEBUG OBJECTEXTEND OBJECT(.\adc.obj)

line level    source

   1           #include<reg52.h>
   2          #define uc unsigned char
   3          //lcd......
   4          sbit rs=P3^6;
   5          sbit en=P3^7;
   6          void sendString(uc *str);
   7          void lcd_data(uc);
   8          void lcd_ini();
   9          void lcd_cmd(uc);
  10          //adc......
  11          sbit start=P3^0;
  12          sbit eoc=P3^1;
  13          sbit oe=P3^2;
  14          void adcconv(unsigned char value);
  15          //......
  16          void delay(unsigned int y);
  17          //main.................
  18          void main()
  19          {
  20   1      unsigned char value,b;
  21   1      P2=0;                     /*.......for writing to lcd........*/
  22   1      P1=0xff;                                /*.....tne i/p from adc.....*/
  23   1      P3=0;
  24   1      delay(20);
  25   1      lcd_ini();
  26   1      delay(20);
  27   1      lcd_cmd(0x80);
  28   1      delay(10);
  29   1                sendString("hello");
  30   1                delay(200);
  31   1      
  32   1      
  33   1              while(1)
  34   1              {
  35   2              start=0;
  36   2              delay(10);
  37   2                      start=1;
  38   2              while(eoc==1);
  39   2      
  40   2              delay(1);
  41   2                      value=P1;
  42   2                      oe=1;
  43   2              delay(10);
  44   2              oe=0;
  45   2              delay(10);
  46   2              adcconv(value);
  47   2              delay(10);
  48   2              //start=0;
  49   2      eoc=1;
  50   2              
  51   2              }
  52   1      }
*** WARNING C280 IN LINE 20 OF ..\ADC.C: 'b': unreferenced local variable
  53          void lcd_ini()
  54          {
C51 COMPILER V9.02   ADC                                                                   10/31/2012 00:31:14 PAGE 2   

  55   1      lcd_cmd(0x38);
  56   1      delay(1);
  57   1      lcd_cmd(0x0c);
  58   1      delay(1);
  59   1      lcd_cmd(0x01);
  60   1      delay(1);
  61   1      lcd_cmd(0x02);
  62   1      delay(1);
  63   1      }
  64          void sendString(uc *str)
  65          {
  66   1      delay(10);
  67   1      while(*str)
  68   1      {
  69   2      lcd_data(*str);
  70   2      delay(20);
  71   2      str++;
  72   2      }
  73   1      }
  74          void lcd_cmd(uc commandword)
  75          {
  76   1      rs=0;
  77   1      P2=commandword;
  78   1      delay(10);
  79   1      e1=1;
*** ERROR C202 IN LINE 79 OF ..\ADC.C: 'e1': undefined identifier
  80   1      delay(10);
  81   1      e1=0;
*** ERROR C202 IN LINE 81 OF ..\ADC.C: 'e1': undefined identifier
  82   1      delay(10);
  83   1      e1=1;
*** ERROR C202 IN LINE 83 OF ..\ADC.C: 'e1': undefined identifier
  84   1      }
  85          void lcd_data(uc ch)
  86          {
  87   1      rs=1;
  88   1      P2=ch;
  89   1      delay(10);
  90   1      e1=1;
*** ERROR C202 IN LINE 90 OF ..\ADC.C: 'e1': undefined identifier
  91   1      delay(10);
  92   1      e1=0;
*** ERROR C202 IN LINE 92 OF ..\ADC.C: 'e1': undefined identifier
  93   1      delay(10);
  94   1      e1=1;
*** ERROR C202 IN LINE 94 OF ..\ADC.C: 'e1': undefined identifier
  95   1      }
  96          void delay(unsigned int y)
  97          {
  98   1      unsigned int i,k;
  99   1      for(i=0;i<y;i++)
 100   1      for(k=0;k<250;k++);
 101   1      }
 102          
 103          void adcconv(unsigned int x)
 104          {
 105   1      unsigned int d,e,f,t;
 106   1      f=x%10;
 107   1      t=x/10;
 108   1      e=t%10;
 109   1      d=t/10;
 110   1      
C51 COMPILER V9.02   ADC                                                                   10/31/2012 00:31:14 PAGE 3   

 111   1      //lcd_cmd(0xc0);
 112   1      lcd_data(d+0x30);
 113   1      delay(2);
 114   1      lcd_data(e+0x30);
 115   1      delay(2);
 116   1      lcd_data(f+0x30);
 117   1      delay(2);
 118   1      }

C51 COMPILATION COMPLETE.  1 WARNING(S),  6 ERROR(S)
